14-May-2026 18:43:56.339 INFO [main] org.apache.catalina.startup.VersionLoggerListener.log Server version name:   Apache Tomcat/9.0.88
14-May-2026 18:43:56.341 INFO [main] org.apache.catalina.startup.VersionLoggerListener.log Server built:          Apr 9 2024 13:22:30 UTC
14-May-2026 18:43:56.341 INFO [main] org.apache.catalina.startup.VersionLoggerListener.log Server version number: 9.0.88.0
14-May-2026 18:43:56.341 INFO [main] org.apache.catalina.startup.VersionLoggerListener.log OS Name:               Windows 11
14-May-2026 18:43:56.341 INFO [main] org.apache.catalina.startup.VersionLoggerListener.log OS Version:            10.0
14-May-2026 18:43:56.343 INFO [main] org.apache.catalina.startup.VersionLoggerListener.log Architecture:          amd64
14-May-2026 18:43:56.343 INFO [main] org.apache.catalina.startup.VersionLoggerListener.log Java Home:             C:\Program Files\Java\jdk-25
14-May-2026 18:43:56.343 INFO [main] org.apache.catalina.startup.VersionLoggerListener.log JVM Version:           25.0.1+8-LTS-27
14-May-2026 18:43:56.343 INFO [main] org.apache.catalina.startup.VersionLoggerListener.log JVM Vendor:            Oracle Corporation
14-May-2026 18:43:56.343 INFO [main] org.apache.catalina.startup.VersionLoggerListener.log CATALINA_BASE:         C:\Users\Guest_1234\javaproject\apache-tomcat-9.0.88
14-May-2026 18:43:56.344 INFO [main] org.apache.catalina.startup.VersionLoggerListener.log CATALINA_HOME:         C:\Users\Guest_1234\javaproject\apache-tomcat-9.0.88
14-May-2026 18:43:56.369 INFO [main] org.apache.catalina.startup.VersionLoggerListener.log Command line argument: --add-opens=java.base/java.lang=ALL-UNNAMED
14-May-2026 18:43:56.370 INFO [main] org.apache.catalina.startup.VersionLoggerListener.log Command line argument: --add-opens=java.base/java.io=ALL-UNNAMED
14-May-2026 18:43:56.370 INFO [main] org.apache.catalina.startup.VersionLoggerListener.log Command line argument: --add-opens=java.base/java.util=ALL-UNNAMED
14-May-2026 18:43:56.371 INFO [main] org.apache.catalina.startup.VersionLoggerListener.log Command line argument: --add-opens=java.base/java.util.concurrent=ALL-UNNAMED
14-May-2026 18:43:56.372 INFO [main] org.apache.catalina.startup.VersionLoggerListener.log Command line argument: --add-opens=java.rmi/sun.rmi.transport=ALL-UNNAMED
14-May-2026 18:43:56.372 INFO [main] org.apache.catalina.startup.VersionLoggerListener.log Command line argument: -Djava.util.logging.config.file=C:\Users\Guest_1234\javaproject\apache-tomcat-9.0.88\conf\logging.properties
14-May-2026 18:43:56.372 INFO [main] org.apache.catalina.startup.VersionLoggerListener.log Command line argument: -Djava.util.logging.manager=org.apache.juli.ClassLoaderLogManager
14-May-2026 18:43:56.372 INFO [main] org.apache.catalina.startup.VersionLoggerListener.log Command line argument: -Djdk.tls.ephemeralDHKeySize=2048
14-May-2026 18:43:56.372 INFO [main] org.apache.catalina.startup.VersionLoggerListener.log Command line argument: -Djava.protocol.handler.pkgs=org.apache.catalina.webresources
14-May-2026 18:43:56.372 INFO [main] org.apache.catalina.startup.VersionLoggerListener.log Command line argument: -Dignore.endorsed.dirs=
14-May-2026 18:43:56.373 INFO [main] org.apache.catalina.startup.VersionLoggerListener.log Command line argument: -Dcatalina.base=C:\Users\Guest_1234\javaproject\apache-tomcat-9.0.88
14-May-2026 18:43:56.373 INFO [main] org.apache.catalina.startup.VersionLoggerListener.log Command line argument: -Dcatalina.home=C:\Users\Guest_1234\javaproject\apache-tomcat-9.0.88
14-May-2026 18:43:56.373 INFO [main] org.apache.catalina.startup.VersionLoggerListener.log Command line argument: -Djava.io.tmpdir=C:\Users\Guest_1234\javaproject\apache-tomcat-9.0.88\temp
14-May-2026 18:43:56.387 INFO [main] org.apache.catalina.core.AprLifecycleListener.lifecycleEvent Loaded Apache Tomcat Native library [1.3.0] using APR version [1.7.4].
14-May-2026 18:43:56.387 INFO [main] org.apache.catalina.core.AprLifecycleListener.lifecycleEvent APR capabilities: IPv6 [true], sendfile [true], accept filters [false], random [true], UDS [true].
14-May-2026 18:43:56.388 INFO [main] org.apache.catalina.core.AprLifecycleListener.lifecycleEvent APR/OpenSSL configuration: useAprConnector [false], useOpenSSL [true]
14-May-2026 18:43:56.419 INFO [main] org.apache.catalina.core.AprLifecycleListener.initializeSSL OpenSSL successfully initialized [OpenSSL 3.0.13 30 Jan 2024]
14-May-2026 18:43:57.076 INFO [main] org.apache.coyote.AbstractProtocol.init Initializing ProtocolHandler ["http-nio-8080"]
14-May-2026 18:43:57.158 INFO [main] org.apache.catalina.startup.Catalina.load Server initialization in [1142] milliseconds
14-May-2026 18:43:57.280 INFO [main] org.apache.catalina.core.StandardService.startInternal Starting service [Catalina]
14-May-2026 18:43:57.282 INFO [main] org.apache.catalina.core.StandardEngine.startInternal Starting Servlet engine: [Apache Tomcat/9.0.88]
14-May-2026 18:43:57.299 INFO [main] org.apache.catalina.startup.HostConfig.deployDirectory Deploying web application directory [C:\Users\Guest_1234\javaproject\apache-tomcat-9.0.88\webapps\docs]
14-May-2026 18:43:57.888 INFO [main] org.apache.catalina.startup.HostConfig.deployDirectory Deployment of web application directory [C:\Users\Guest_1234\javaproject\apache-tomcat-9.0.88\webapps\docs] has finished in [584] ms
14-May-2026 18:43:57.889 INFO [main] org.apache.catalina.startup.HostConfig.deployDirectory Deploying web application directory [C:\Users\Guest_1234\javaproject\apache-tomcat-9.0.88\webapps\examples]
14-May-2026 18:43:58.735 INFO [main] org.apache.catalina.startup.HostConfig.deployDirectory Deployment of web application directory [C:\Users\Guest_1234\javaproject\apache-tomcat-9.0.88\webapps\examples] has finished in [846] ms
14-May-2026 18:43:58.735 INFO [main] org.apache.catalina.startup.HostConfig.deployDirectory Deploying web application directory [C:\Users\Guest_1234\javaproject\apache-tomcat-9.0.88\webapps\host-manager]
14-May-2026 18:43:58.842 INFO [main] org.apache.catalina.startup.HostConfig.deployDirectory Deployment of web application directory [C:\Users\Guest_1234\javaproject\apache-tomcat-9.0.88\webapps\host-manager] has finished in [106] ms
14-May-2026 18:43:58.842 INFO [main] org.apache.catalina.startup.HostConfig.deployDirectory Deploying web application directory [C:\Users\Guest_1234\javaproject\apache-tomcat-9.0.88\webapps\manager]
14-May-2026 18:43:58.992 INFO [main] org.apache.catalina.startup.HostConfig.deployDirectory Deployment of web application directory [C:\Users\Guest_1234\javaproject\apache-tomcat-9.0.88\webapps\manager] has finished in [150] ms
14-May-2026 18:43:58.993 INFO [main] org.apache.catalina.startup.HostConfig.deployDirectory Deploying web application directory [C:\Users\Guest_1234\javaproject\apache-tomcat-9.0.88\webapps\ROOT]
14-May-2026 18:43:59.073 INFO [main] org.apache.catalina.startup.HostConfig.deployDirectory Deployment of web application directory [C:\Users\Guest_1234\javaproject\apache-tomcat-9.0.88\webapps\ROOT] has finished in [80] ms
14-May-2026 18:43:59.074 INFO [main] org.apache.catalina.startup.HostConfig.deployDirectory Deploying web application directory [C:\Users\Guest_1234\javaproject\apache-tomcat-9.0.88\webapps\socialmediacomment]
14-May-2026 18:43:59.535 INFO [main] org.apache.jasper.servlet.TldScanner.scanJars At least one JAR was scanned for TLDs yet contained no TLDs. Enable debug logging for this logger for a complete list of JARs that were scanned but no TLDs were found in them. Skipping unneeded JARs during scanning can improve startup time and JSP compilation time.
14-May-2026 18:43:59.553 INFO [main] org.apache.catalina.startup.HostConfig.deployDirectory Deployment of web application directory [C:\Users\Guest_1234\javaproject\apache-tomcat-9.0.88\webapps\socialmediacomment] has finished in [480] ms
14-May-2026 18:43:59.558 INFO [main] org.apache.coyote.AbstractProtocol.start Starting ProtocolHandler ["http-nio-8080"]
14-May-2026 18:43:59.633 INFO [main] org.apache.catalina.startup.Catalina.start Server startup in [2466] milliseconds
